// Jest Snapshot v1, https://goo.gl/fbAQLP

exports[`Dropdown should render correctly 1`] = `
ShallowWrapper {
  "length": 1,
  Symbol(enzyme.__root__): [Circular],
  Symbol(enzyme.__unrendered__): <Dropdown
    id="authorDropdown"
/>,
  Symbol(enzyme.__renderer__): Object {
    "batchedUpdates": [Function],
    "getNode": [Function],
    "render": [Function],
    "simulateEvent": [Function],
    "unmount": [Function],
  },
  Symbol(enzyme.__node__): Object {
    "instance": null,
    "key": undefined,
    "nodeType": "host",
    "props": Object {
      "children": Array [
        <button
          aria-expanded="false"
          aria-haspopup="true"
          className="btn btn-secondary dropdown-toggle"
          data-toggle="dropdown"
          id="authorDropdown"
          type="button"
/>,
        <div
          aria-labelledby="authorDropdown"
          className="dropdown-menu"
/>,
      ],
      "className": "dropdown float-right",
    },
    "ref": null,
    "rendered": Array [
      Object {
        "instance": null,
        "key": undefined,
        "nodeType": "host",
        "props": Object {
          "aria-expanded": "false",
          "aria-haspopup": "true",
          "children": undefined,
          "className": "btn btn-secondary dropdown-toggle",
          "data-toggle": "dropdown",
          "id": "authorDropdown",
          "type": "button",
        },
        "ref": null,
        "rendered": null,
        "type": "button",
      },
      Object {
        "instance": null,
        "key": undefined,
        "nodeType": "host",
        "props": Object {
          "aria-labelledby": "authorDropdown",
          "children": undefined,
          "className": "dropdown-menu",
        },
        "ref": null,
        "rendered": null,
        "type": "div",
      },
    ],
    "type": "div",
  },
  Symbol(enzyme.__nodes__): Array [
    Object {
      "instance": null,
      "key": undefined,
      "nodeType": "host",
      "props": Object {
        "children": Array [
          <button
            aria-expanded="false"
            aria-haspopup="true"
            className="btn btn-secondary dropdown-toggle"
            data-toggle="dropdown"
            id="authorDropdown"
            type="button"
/>,
          <div
            aria-labelledby="authorDropdown"
            className="dropdown-menu"
/>,
        ],
        "className": "dropdown float-right",
      },
      "ref": null,
      "rendered": Array [
        Object {
          "instance": null,
          "key": undefined,
          "nodeType": "host",
          "props": Object {
            "aria-expanded": "false",
            "aria-haspopup": "true",
            "children": undefined,
            "className": "btn btn-secondary dropdown-toggle",
            "data-toggle": "dropdown",
            "id": "authorDropdown",
            "type": "button",
          },
          "ref": null,
          "rendered": null,
          "type": "button",
        },
        Object {
          "instance": null,
          "key": undefined,
          "nodeType": "host",
          "props": Object {
            "aria-labelledby": "authorDropdown",
            "children": undefined,
            "className": "dropdown-menu",
          },
          "ref": null,
          "rendered": null,
          "type": "div",
        },
      ],
      "type": "div",
    },
  ],
  Symbol(enzyme.__options__): Object {
    "adapter": ReactSixteenAdapter {
      "options": Object {
        "enableComponentDidUpdateOnSetState": true,
      },
    },
  },
}
`;
